[0.976s] DEBUG:colcon:Command line arguments: ['/usr/bin/colcon', 'build']
[0.976s] DEBUG:colcon:Parsed command line arguments: Namespace(log_base=None, log_level=None, verb_name='build', build_base='build', install_base='install', merge_install=False, symlink_install=False, test_result_base=None, continue_on_error=False, executor='parallel', parallel_workers=12, event_handlers=None, ignore_user_meta=False, metas=['./colcon.meta'], base_paths=['.'], packages_ignore=None, packages_ignore_regex=None, paths=None, packages_up_to=None, packages_up_to_regex=None, packages_above=None, packages_above_and_dependencies=None, packages_above_depth=None, packages_select_by_dep=None, packages_skip_by_dep=None, packages_skip_up_to=None, packages_select_build_failed=False, packages_skip_build_finished=False, packages_select_test_failures=False, packages_skip_test_passed=False, packages_select=None, packages_skip=None, packages_select_regex=None, packages_skip_regex=None, packages_start=None, packages_end=None, allow_overriding=[], cmake_args=None, cmake_target=None, cmake_target_skip_unavailable=False, cmake_clean_cache=False, cmake_clean_first=False, cmake_force_configure=False, ament_cmake_args=None, catkin_cmake_args=None, catkin_skip_building_tests=False, verb_parser=<colcon_defaults.argument_parser.defaults.DefaultArgumentsDecorator object at 0x753c6d64dd30>, verb_extension=<colcon_core.verb.build.BuildVerb object at 0x753c6d7cba70>, main=<bound method BuildVerb.main of <colcon_core.verb.build.BuildVerb object at 0x753c6d7cba70>>)
[1.177s] Level 1:colcon.colcon_core.package_discovery:discover_packages(colcon_meta) check parameters
[1.178s] Level 1:colcon.colcon_core.package_discovery:discover_packages(recursive) check parameters
[1.178s] Level 1:colcon.colcon_core.package_discovery:discover_packages(ignore) check parameters
[1.178s] Level 1:colcon.colcon_core.package_discovery:discover_packages(path) check parameters
[1.178s] Level 1:colcon.colcon_core.package_discovery:discover_packages(colcon_meta) discover
[1.178s] Level 1:colcon.colcon_core.package_discovery:discover_packages(recursive) discover
[1.178s] INFO:colcon.colcon_core.package_discovery:Crawling recursively for packages in '/home/bsi_scholarship/SEKURO_TUGAS_1_MochammadNuhaAlGhifari_PROGRAMMING/src/ros_soal_1/ros2_ws/ros2_ws'
[1.179s] Level 1:colcon.colcon_core.package_identification:_identify(.) by extensions ['ignore', 'ignore_ament_install']
[1.179s] Level 1:colcon.colcon_core.package_identification:_identify(.) by extension 'ignore'
[1.179s] Level 1:colcon.colcon_core.package_identification:_identify(.) by extension 'ignore_ament_install'
[1.179s] Level 1:colcon.colcon_core.package_identification:_identify(.) by extensions ['colcon_pkg']
[1.179s] Level 1:colcon.colcon_core.package_identification:_identify(.) by extension 'colcon_pkg'
[1.180s] Level 1:colcon.colcon_core.package_identification:_identify(.) by extensions ['colcon_meta']
[1.180s] Level 1:colcon.colcon_core.package_identification:_identify(.) by extension 'colcon_meta'
[1.180s] Level 1:colcon.colcon_core.package_identification:_identify(.) by extensions ['ros']
[1.180s] Level 1:colcon.colcon_core.package_identification:_identify(.) by extension 'ros'
[1.294s] Level 1:colcon.colcon_core.package_identification:_identify(.) by extensions ['cmake', 'python']
[1.294s] Level 1:colcon.colcon_core.package_identification:_identify(.) by extension 'cmake'
[1.294s] Level 1:colcon.colcon_core.package_identification:_identify(.) by extension 'python'
[1.295s] Level 1:colcon.colcon_core.package_identification:_identify(.) by extensions ['python_setup_py']
[1.295s] Level 1:colcon.colcon_core.package_identification:_identify(.) by extension 'python_setup_py'
[1.295s] Level 1:colcon.colcon_core.package_identification:_identify(build) by extensions ['ignore', 'ignore_ament_install']
[1.295s] Level 1:colcon.colcon_core.package_identification:_identify(build) by extension 'ignore'
[1.295s] Level 1:colcon.colcon_core.package_identification:_identify(build) ignored
[1.296s] Level 1:colcon.colcon_core.package_identification:_identify(install) by extensions ['ignore', 'ignore_ament_install']
[1.296s] Level 1:colcon.colcon_core.package_identification:_identify(install) by extension 'ignore'
[1.296s] Level 1:colcon.colcon_core.package_identification:_identify(install) ignored
[1.296s] Level 1:colcon.colcon_core.package_identification:_identify(log) by extensions ['ignore', 'ignore_ament_install']
[1.296s] Level 1:colcon.colcon_core.package_identification:_identify(log) by extension 'ignore'
[1.296s] Level 1:colcon.colcon_core.package_identification:_identify(log) ignored
[1.297s] Level 1:colcon.colcon_core.package_identification:_identify(src) by extensions ['ignore', 'ignore_ament_install']
[1.297s] Level 1:colcon.colcon_core.package_identification:_identify(src) by extension 'ignore'
[1.297s] Level 1:colcon.colcon_core.package_identification:_identify(src) by extension 'ignore_ament_install'
[1.297s] Level 1:colcon.colcon_core.package_identification:_identify(src) by extensions ['colcon_pkg']
[1.297s] Level 1:colcon.colcon_core.package_identification:_identify(src) by extension 'colcon_pkg'
[1.297s] Level 1:colcon.colcon_core.package_identification:_identify(src) by extensions ['colcon_meta']
[1.297s] Level 1:colcon.colcon_core.package_identification:_identify(src) by extension 'colcon_meta'
[1.297s] Level 1:colcon.colcon_core.package_identification:_identify(src) by extensions ['ros']
[1.297s] Level 1:colcon.colcon_core.package_identification:_identify(src) by extension 'ros'
[1.297s] Level 1:colcon.colcon_core.package_identification:_identify(src) by extensions ['cmake', 'python']
[1.297s] Level 1:colcon.colcon_core.package_identification:_identify(src) by extension 'cmake'
[1.297s] Level 1:colcon.colcon_core.package_identification:_identify(src) by extension 'python'
[1.297s] Level 1:colcon.colcon_core.package_identification:_identify(src) by extensions ['python_setup_py']
[1.297s] Level 1:colcon.colcon_core.package_identification:_identify(src) by extension 'python_setup_py'
[1.298s] Level 1:colcon.colcon_core.package_identification:_identify(src/package_sederhana) by extensions ['ignore', 'ignore_ament_install']
[1.298s] Level 1:colcon.colcon_core.package_identification:_identify(src/package_sederhana) by extension 'ignore'
[1.298s] Level 1:colcon.colcon_core.package_identification:_identify(src/package_sederhana) by extension 'ignore_ament_install'
[1.298s] Level 1:colcon.colcon_core.package_identification:_identify(src/package_sederhana) by extensions ['colcon_pkg']
[1.298s] Level 1:colcon.colcon_core.package_identification:_identify(src/package_sederhana) by extension 'colcon_pkg'
[1.298s] Level 1:colcon.colcon_core.package_identification:_identify(src/package_sederhana) by extensions ['colcon_meta']
[1.298s] Level 1:colcon.colcon_core.package_identification:_identify(src/package_sederhana) by extension 'colcon_meta'
[1.298s] Level 1:colcon.colcon_core.package_identification:_identify(src/package_sederhana) by extensions ['ros']
[1.298s] Level 1:colcon.colcon_core.package_identification:_identify(src/package_sederhana) by extension 'ros'
[1.310s] DEBUG:colcon.colcon_core.package_identification:Package 'src/package_sederhana' with type 'ros.ament_cmake' and name 'package_sederhana'
[1.311s] Level 1:colcon.colcon_core.package_discovery:discover_packages(recursive) using defaults
[1.311s] Level 1:colcon.colcon_core.package_discovery:discover_packages(ignore) discover
[1.311s] Level 1:colcon.colcon_core.package_discovery:discover_packages(ignore) using defaults
[1.311s] Level 1:colcon.colcon_core.package_discovery:discover_packages(path) discover
[1.311s] Level 1:colcon.colcon_core.package_discovery:discover_packages(path) using defaults
[1.401s] Level 1:colcon.colcon_core.package_discovery:discover_packages(prefix_path) check parameters
[1.401s] Level 1:colcon.colcon_core.package_discovery:discover_packages(prefix_path) discover
[1.411s] DEBUG:colcon.colcon_installed_package_information.package_discovery:Found 1 installed packages in /home/bsi_scholarship/SEKURO_TUGAS_1_MochammadNuhaAlGhifari_PROGRAMMING/src/ros_soal_1/ros2_ws/ros2_ws/install
[1.418s] DEBUG:colcon.colcon_installed_package_information.package_discovery:Found 286 installed packages in /opt/ros/jazzy
[1.421s] Level 1:colcon.colcon_core.package_discovery:discover_packages(prefix_path) using defaults
[1.716s] Level 5:colcon.colcon_core.verb:set package 'package_sederhana' build argument 'cmake_args' from command line to 'None'
[1.717s] Level 5:colcon.colcon_core.verb:set package 'package_sederhana' build argument 'cmake_target' from command line to 'None'
[1.717s] Level 5:colcon.colcon_core.verb:set package 'package_sederhana' build argument 'cmake_target_skip_unavailable' from command line to 'False'
[1.717s] Level 5:colcon.colcon_core.verb:set package 'package_sederhana' build argument 'cmake_clean_cache' from command line to 'False'
[1.717s] Level 5:colcon.colcon_core.verb:set package 'package_sederhana' build argument 'cmake_clean_first' from command line to 'False'
[1.717s] Level 5:colcon.colcon_core.verb:set package 'package_sederhana' build argument 'cmake_force_configure' from command line to 'False'
[1.717s] Level 5:colcon.colcon_core.verb:set package 'package_sederhana' build argument 'ament_cmake_args' from command line to 'None'
[1.717s] Level 5:colcon.colcon_core.verb:set package 'package_sederhana' build argument 'catkin_cmake_args' from command line to 'None'
[1.717s] Level 5:colcon.colcon_core.verb:set package 'package_sederhana' build argument 'catkin_skip_building_tests' from command line to 'False'
[1.717s] DEBUG:colcon.colcon_core.verb:Building package 'package_sederhana' with the following arguments: {'ament_cmake_args': None, 'build_base': '/home/bsi_scholarship/SEKURO_TUGAS_1_MochammadNuhaAlGhifari_PROGRAMMING/src/ros_soal_1/ros2_ws/ros2_ws/build/package_sederhana', 'catkin_cmake_args': None, 'catkin_skip_building_tests': False, 'cmake_args': None, 'cmake_clean_cache': False, 'cmake_clean_first': False, 'cmake_force_configure': False, 'cmake_target': None, 'cmake_target_skip_unavailable': False, 'install_base': '/home/bsi_scholarship/SEKURO_TUGAS_1_MochammadNuhaAlGhifari_PROGRAMMING/src/ros_soal_1/ros2_ws/ros2_ws/install/package_sederhana', 'merge_install': False, 'path': '/home/bsi_scholarship/SEKURO_TUGAS_1_MochammadNuhaAlGhifari_PROGRAMMING/src/ros_soal_1/ros2_ws/ros2_ws/src/package_sederhana', 'symlink_install': False, 'test_result_base': None}
[1.717s] INFO:colcon.colcon_core.executor:Executing jobs using 'parallel' executor
[1.720s] DEBUG:colcon.colcon_parallel_executor.executor.parallel:run_until_complete
[1.721s] INFO:colcon.colcon_ros.task.ament_cmake.build:Building ROS package in '/home/bsi_scholarship/SEKURO_TUGAS_1_MochammadNuhaAlGhifari_PROGRAMMING/src/ros_soal_1/ros2_ws/ros2_ws/src/package_sederhana' with build type 'ament_cmake'
[1.721s] INFO:colcon.colcon_cmake.task.cmake.build:Building CMake package in '/home/bsi_scholarship/SEKURO_TUGAS_1_MochammadNuhaAlGhifari_PROGRAMMING/src/ros_soal_1/ros2_ws/ros2_ws/src/package_sederhana'
[1.733s] INFO:colcon.colcon_core.plugin_system:Skipping extension 'colcon_core.shell.bat': Not used on non-Windows systems
[1.734s] INFO:colcon.colcon_core.shell:Skip shell extension 'powershell' for command environment: Not usable outside of PowerShell
[1.734s] DEBUG:colcon.colcon_core.shell:Skip shell extension 'dsv' for command environment
[1.769s] DEBUG:colcon.colcon_core.event_handler.log_command:Invoking command in '/home/bsi_scholarship/SEKURO_TUGAS_1_MochammadNuhaAlGhifari_PROGRAMMING/src/ros_soal_1/ros2_ws/ros2_ws/build/package_sederhana': CMAKE_PREFIX_PATH=${CMAKE_PREFIX_PATH}:/opt/ros/jazzy /usr/bin/cmake --build /home/bsi_scholarship/SEKURO_TUGAS_1_MochammadNuhaAlGhifari_PROGRAMMING/src/ros_soal_1/ros2_ws/ros2_ws/build/package_sederhana -- -j12 -l12
[2.138s] DEBUG:colcon.colcon_core.event_handler.log_command:Invoked command in '/home/bsi_scholarship/SEKURO_TUGAS_1_MochammadNuhaAlGhifari_PROGRAMMING/src/ros_soal_1/ros2_ws/ros2_ws/build/package_sederhana' returned '0': CMAKE_PREFIX_PATH=${CMAKE_PREFIX_PATH}:/opt/ros/jazzy /usr/bin/cmake --build /home/bsi_scholarship/SEKURO_TUGAS_1_MochammadNuhaAlGhifari_PROGRAMMING/src/ros_soal_1/ros2_ws/ros2_ws/build/package_sederhana -- -j12 -l12
[2.169s] DEBUG:colcon.colcon_core.event_handler.log_command:Invoking command in '/home/bsi_scholarship/SEKURO_TUGAS_1_MochammadNuhaAlGhifari_PROGRAMMING/src/ros_soal_1/ros2_ws/ros2_ws/build/package_sederhana': CMAKE_PREFIX_PATH=${CMAKE_PREFIX_PATH}:/opt/ros/jazzy /usr/bin/cmake --install /home/bsi_scholarship/SEKURO_TUGAS_1_MochammadNuhaAlGhifari_PROGRAMMING/src/ros_soal_1/ros2_ws/ros2_ws/build/package_sederhana
[2.205s] Level 1:colcon.colcon_core.environment:create_environment_scripts_only(package_sederhana)
[2.207s] DEBUG:colcon.colcon_core.event_handler.log_command:Invoked command in '/home/bsi_scholarship/SEKURO_TUGAS_1_MochammadNuhaAlGhifari_PROGRAMMING/src/ros_soal_1/ros2_ws/ros2_ws/build/package_sederhana' returned '0': CMAKE_PREFIX_PATH=${CMAKE_PREFIX_PATH}:/opt/ros/jazzy /usr/bin/cmake --install /home/bsi_scholarship/SEKURO_TUGAS_1_MochammadNuhaAlGhifari_PROGRAMMING/src/ros_soal_1/ros2_ws/ros2_ws/build/package_sederhana
[2.220s] Level 1:colcon.colcon_core.environment:checking '/home/bsi_scholarship/SEKURO_TUGAS_1_MochammadNuhaAlGhifari_PROGRAMMING/src/ros_soal_1/ros2_ws/ros2_ws/install/package_sederhana' for CMake module files
[2.222s] Level 1:colcon.colcon_core.environment:checking '/home/bsi_scholarship/SEKURO_TUGAS_1_MochammadNuhaAlGhifari_PROGRAMMING/src/ros_soal_1/ros2_ws/ros2_ws/install/package_sederhana' for CMake config files
[2.223s] Level 1:colcon.colcon_core.shell:create_environment_hook('package_sederhana', 'cmake_prefix_path')
[2.224s] INFO:colcon.colcon_core.shell:Creating environment hook '/home/bsi_scholarship/SEKURO_TUGAS_1_MochammadNuhaAlGhifari_PROGRAMMING/src/ros_soal_1/ros2_ws/ros2_ws/install/package_sederhana/share/package_sederhana/hook/cmake_prefix_path.ps1'
[2.226s] INFO:colcon.colcon_core.shell:Creating environment descriptor '/home/bsi_scholarship/SEKURO_TUGAS_1_MochammadNuhaAlGhifari_PROGRAMMING/src/ros_soal_1/ros2_ws/ros2_ws/install/package_sederhana/share/package_sederhana/hook/cmake_prefix_path.dsv'
[2.228s] INFO:colcon.colcon_core.shell:Creating environment hook '/home/bsi_scholarship/SEKURO_TUGAS_1_MochammadNuhaAlGhifari_PROGRAMMING/src/ros_soal_1/ros2_ws/ros2_ws/install/package_sederhana/share/package_sederhana/hook/cmake_prefix_path.sh'
[2.232s] Level 1:colcon.colcon_core.environment:checking '/home/bsi_scholarship/SEKURO_TUGAS_1_MochammadNuhaAlGhifari_PROGRAMMING/src/ros_soal_1/ros2_ws/ros2_ws/install/package_sederhana/lib'
[2.232s] Level 1:colcon.colcon_core.environment:checking '/home/bsi_scholarship/SEKURO_TUGAS_1_MochammadNuhaAlGhifari_PROGRAMMING/src/ros_soal_1/ros2_ws/ros2_ws/install/package_sederhana/bin'
[2.232s] Level 1:colcon.colcon_core.environment:checking '/home/bsi_scholarship/SEKURO_TUGAS_1_MochammadNuhaAlGhifari_PROGRAMMING/src/ros_soal_1/ros2_ws/ros2_ws/install/package_sederhana/lib/pkgconfig/package_sederhana.pc'
[2.233s] Level 1:colcon.colcon_core.environment:checking '/home/bsi_scholarship/SEKURO_TUGAS_1_MochammadNuhaAlGhifari_PROGRAMMING/src/ros_soal_1/ros2_ws/ros2_ws/install/package_sederhana/lib/python3.12/site-packages'
[2.233s] Level 1:colcon.colcon_core.environment:checking '/home/bsi_scholarship/SEKURO_TUGAS_1_MochammadNuhaAlGhifari_PROGRAMMING/src/ros_soal_1/ros2_ws/ros2_ws/install/package_sederhana/bin'
[2.234s] INFO:colcon.colcon_core.shell:Creating package script '/home/bsi_scholarship/SEKURO_TUGAS_1_MochammadNuhaAlGhifari_PROGRAMMING/src/ros_soal_1/ros2_ws/ros2_ws/install/package_sederhana/share/package_sederhana/package.ps1'
[2.236s] INFO:colcon.colcon_core.shell:Creating package descriptor '/home/bsi_scholarship/SEKURO_TUGAS_1_MochammadNuhaAlGhifari_PROGRAMMING/src/ros_soal_1/ros2_ws/ros2_ws/install/package_sederhana/share/package_sederhana/package.dsv'
[2.237s] INFO:colcon.colcon_core.shell:Creating package script '/home/bsi_scholarship/SEKURO_TUGAS_1_MochammadNuhaAlGhifari_PROGRAMMING/src/ros_soal_1/ros2_ws/ros2_ws/install/package_sederhana/share/package_sederhana/package.sh'
[2.239s] INFO:colcon.colcon_core.shell:Creating package script '/home/bsi_scholarship/SEKURO_TUGAS_1_MochammadNuhaAlGhifari_PROGRAMMING/src/ros_soal_1/ros2_ws/ros2_ws/install/package_sederhana/share/package_sederhana/package.bash'
[2.240s] INFO:colcon.colcon_core.shell:Creating package script '/home/bsi_scholarship/SEKURO_TUGAS_1_MochammadNuhaAlGhifari_PROGRAMMING/src/ros_soal_1/ros2_ws/ros2_ws/install/package_sederhana/share/package_sederhana/package.zsh'
[2.242s] Level 1:colcon.colcon_core.environment:create_file_with_runtime_dependencies(/home/bsi_scholarship/SEKURO_TUGAS_1_MochammadNuhaAlGhifari_PROGRAMMING/src/ros_soal_1/ros2_ws/ros2_ws/install/package_sederhana/share/colcon-core/packages/package_sederhana)
[2.243s] Level 1:colcon.colcon_core.environment:create_environment_scripts_only(package_sederhana)
[2.244s] Level 1:colcon.colcon_core.environment:checking '/home/bsi_scholarship/SEKURO_TUGAS_1_MochammadNuhaAlGhifari_PROGRAMMING/src/ros_soal_1/ros2_ws/ros2_ws/install/package_sederhana' for CMake module files
[2.244s] Level 1:colcon.colcon_core.environment:checking '/home/bsi_scholarship/SEKURO_TUGAS_1_MochammadNuhaAlGhifari_PROGRAMMING/src/ros_soal_1/ros2_ws/ros2_ws/install/package_sederhana' for CMake config files
[2.245s] Level 1:colcon.colcon_core.shell:create_environment_hook('package_sederhana', 'cmake_prefix_path')
[2.245s] INFO:colcon.colcon_core.shell:Creating environment hook '/home/bsi_scholarship/SEKURO_TUGAS_1_MochammadNuhaAlGhifari_PROGRAMMING/src/ros_soal_1/ros2_ws/ros2_ws/install/package_sederhana/share/package_sederhana/hook/cmake_prefix_path.ps1'
[2.246s] INFO:colcon.colcon_core.shell:Creating environment descriptor '/home/bsi_scholarship/SEKURO_TUGAS_1_MochammadNuhaAlGhifari_PROGRAMMING/src/ros_soal_1/ros2_ws/ros2_ws/install/package_sederhana/share/package_sederhana/hook/cmake_prefix_path.dsv'
[2.247s] INFO:colcon.colcon_core.shell:Creating environment hook '/home/bsi_scholarship/SEKURO_TUGAS_1_MochammadNuhaAlGhifari_PROGRAMMING/src/ros_soal_1/ros2_ws/ros2_ws/install/package_sederhana/share/package_sederhana/hook/cmake_prefix_path.sh'
[2.248s] Level 1:colcon.colcon_core.environment:checking '/home/bsi_scholarship/SEKURO_TUGAS_1_MochammadNuhaAlGhifari_PROGRAMMING/src/ros_soal_1/ros2_ws/ros2_ws/install/package_sederhana/lib'
[2.248s] Level 1:colcon.colcon_core.environment:checking '/home/bsi_scholarship/SEKURO_TUGAS_1_MochammadNuhaAlGhifari_PROGRAMMING/src/ros_soal_1/ros2_ws/ros2_ws/install/package_sederhana/bin'
[2.249s] Level 1:colcon.colcon_core.environment:checking '/home/bsi_scholarship/SEKURO_TUGAS_1_MochammadNuhaAlGhifari_PROGRAMMING/src/ros_soal_1/ros2_ws/ros2_ws/install/package_sederhana/lib/pkgconfig/package_sederhana.pc'
[2.249s] Level 1:colcon.colcon_core.environment:checking '/home/bsi_scholarship/SEKURO_TUGAS_1_MochammadNuhaAlGhifari_PROGRAMMING/src/ros_soal_1/ros2_ws/ros2_ws/install/package_sederhana/lib/python3.12/site-packages'
[2.249s] Level 1:colcon.colcon_core.environment:checking '/home/bsi_scholarship/SEKURO_TUGAS_1_MochammadNuhaAlGhifari_PROGRAMMING/src/ros_soal_1/ros2_ws/ros2_ws/install/package_sederhana/bin'
[2.250s] INFO:colcon.colcon_core.shell:Creating package script '/home/bsi_scholarship/SEKURO_TUGAS_1_MochammadNuhaAlGhifari_PROGRAMMING/src/ros_soal_1/ros2_ws/ros2_ws/install/package_sederhana/share/package_sederhana/package.ps1'
[2.250s] INFO:colcon.colcon_core.shell:Creating package descriptor '/home/bsi_scholarship/SEKURO_TUGAS_1_MochammadNuhaAlGhifari_PROGRAMMING/src/ros_soal_1/ros2_ws/ros2_ws/install/package_sederhana/share/package_sederhana/package.dsv'
[2.251s] INFO:colcon.colcon_core.shell:Creating package script '/home/bsi_scholarship/SEKURO_TUGAS_1_MochammadNuhaAlGhifari_PROGRAMMING/src/ros_soal_1/ros2_ws/ros2_ws/install/package_sederhana/share/package_sederhana/package.sh'
[2.252s] INFO:colcon.colcon_core.shell:Creating package script '/home/bsi_scholarship/SEKURO_TUGAS_1_MochammadNuhaAlGhifari_PROGRAMMING/src/ros_soal_1/ros2_ws/ros2_ws/install/package_sederhana/share/package_sederhana/package.bash'
[2.253s] INFO:colcon.colcon_core.shell:Creating package script '/home/bsi_scholarship/SEKURO_TUGAS_1_MochammadNuhaAlGhifari_PROGRAMMING/src/ros_soal_1/ros2_ws/ros2_ws/install/package_sederhana/share/package_sederhana/package.zsh'
[2.254s] Level 1:colcon.colcon_core.environment:create_file_with_runtime_dependencies(/home/bsi_scholarship/SEKURO_TUGAS_1_MochammadNuhaAlGhifari_PROGRAMMING/src/ros_soal_1/ros2_ws/ros2_ws/install/package_sederhana/share/colcon-core/packages/package_sederhana)
[2.254s] DEBUG:colcon.colcon_parallel_executor.executor.parallel:closing loop
[2.255s] DEBUG:colcon.colcon_parallel_executor.executor.parallel:loop closed
[2.255s] DEBUG:colcon.colcon_parallel_executor.executor.parallel:run_until_complete finished with '0'
[2.256s] DEBUG:colcon.colcon_core.event_reactor:joining thread
[2.341s] INFO:colcon.colcon_core.plugin_system:Skipping extension 'colcon_notification.desktop_notification.notify_send': Could not find 'notify-send'
[2.341s] INFO:colcon.colcon_core.plugin_system:Skipping extension 'colcon_notification.desktop_notification.terminal_notifier': Not used on non-Darwin systems
[2.341s] INFO:colcon.colcon_core.plugin_system:Skipping extension 'colcon_notification.desktop_notification.win32': Not used on non-Windows systems
[2.341s] INFO:colcon.colcon_notification.desktop_notification:Sending desktop notification using 'notify2'
[2.356s] DEBUG:colcon.colcon_notification.desktop_notification.notify2:Failed to initialize notify2: org.freedesktop.DBus.Error.ServiceUnknown: The name org.freedesktop.Notifications was not provided by any .service files
[2.358s] DEBUG:colcon.colcon_core.event_reactor:joined thread
[2.358s] INFO:colcon.colcon_core.shell:Creating prefix script '/home/bsi_scholarship/SEKURO_TUGAS_1_MochammadNuhaAlGhifari_PROGRAMMING/src/ros_soal_1/ros2_ws/ros2_ws/install/local_setup.ps1'
[2.361s] INFO:colcon.colcon_core.shell:Creating prefix util module '/home/bsi_scholarship/SEKURO_TUGAS_1_MochammadNuhaAlGhifari_PROGRAMMING/src/ros_soal_1/ros2_ws/ros2_ws/install/_local_setup_util_ps1.py'
[2.365s] INFO:colcon.colcon_core.shell:Creating prefix chain script '/home/bsi_scholarship/SEKURO_TUGAS_1_MochammadNuhaAlGhifari_PROGRAMMING/src/ros_soal_1/ros2_ws/ros2_ws/install/setup.ps1'
[2.368s] INFO:colcon.colcon_core.shell:Creating prefix script '/home/bsi_scholarship/SEKURO_TUGAS_1_MochammadNuhaAlGhifari_PROGRAMMING/src/ros_soal_1/ros2_ws/ros2_ws/install/local_setup.sh'
[2.370s] INFO:colcon.colcon_core.shell:Creating prefix util module '/home/bsi_scholarship/SEKURO_TUGAS_1_MochammadNuhaAlGhifari_PROGRAMMING/src/ros_soal_1/ros2_ws/ros2_ws/install/_local_setup_util_sh.py'
[2.371s] INFO:colcon.colcon_core.shell:Creating prefix chain script '/home/bsi_scholarship/SEKURO_TUGAS_1_MochammadNuhaAlGhifari_PROGRAMMING/src/ros_soal_1/ros2_ws/ros2_ws/install/setup.sh'
[2.373s] INFO:colcon.colcon_core.shell:Creating prefix script '/home/bsi_scholarship/SEKURO_TUGAS_1_MochammadNuhaAlGhifari_PROGRAMMING/src/ros_soal_1/ros2_ws/ros2_ws/install/local_setup.bash'
[2.375s] INFO:colcon.colcon_core.shell:Creating prefix chain script '/home/bsi_scholarship/SEKURO_TUGAS_1_MochammadNuhaAlGhifari_PROGRAMMING/src/ros_soal_1/ros2_ws/ros2_ws/install/setup.bash'
[2.377s] INFO:colcon.colcon_core.shell:Creating prefix script '/home/bsi_scholarship/SEKURO_TUGAS_1_MochammadNuhaAlGhifari_PROGRAMMING/src/ros_soal_1/ros2_ws/ros2_ws/install/local_setup.zsh'
[2.378s] INFO:colcon.colcon_core.shell:Creating prefix chain script '/home/bsi_scholarship/SEKURO_TUGAS_1_MochammadNuhaAlGhifari_PROGRAMMING/src/ros_soal_1/ros2_ws/ros2_ws/install/setup.zsh'
