[0.039s] Invoking command in '/home/bsi_scholarship/SEKURO_TUGAS_1_MochammadNuhaAlGhifari_PROGRAMMING/src/ros_soal_1/ros2_ws/ros2_ws/build/package_sederhana': CMAKE_PREFIX_PATH=${CMAKE_PREFIX_PATH}:/opt/ros/jazzy /usr/bin/cmake /home/bsi_scholarship/SEKURO_TUGAS_1_MochammadNuhaAlGhifari_PROGRAMMING/src/ros_soal_1/ros2_ws/ros2_ws/src/package_sederhana -DCMAKE_INSTALL_PREFIX=/home/bsi_scholarship/SEKURO_TUGAS_1_MochammadNuhaAlGhifari_PROGRAMMING/src/ros_soal_1/ros2_ws/ros2_ws/install/package_sederhana
[1.013s] -- The C compiler identification is GNU 13.3.0
[2.021s] -- The CXX compiler identification is GNU 13.3.0
[2.605s] -- Detecting C compiler ABI info
[3.026s] -- Detecting C compiler ABI info - done
[3.037s] -- Check for working C compiler: /usr/bin/cc - skipped
[3.039s] -- Detecting C compile features
[3.040s] -- Detecting C compile features - done
[3.146s] -- Detecting CXX compiler ABI info
[3.539s] -- Detecting CXX compiler ABI info - done
[3.554s] -- Check for working CXX compiler: /usr/bin/c++ - skipped
[3.554s] -- Detecting CXX compile features
[3.555s] -- Detecting CXX compile features - done
[3.595s] -- Found ament_cmake: 2.5.5 (/opt/ros/jazzy/share/ament_cmake/cmake)
[3.855s] -- Found Python3: /usr/bin/python3 (found version "3.12.3") found components: Interpreter 
[4.108s] -- Found ament_lint_auto: 0.17.4 (/opt/ros/jazzy/share/ament_lint_auto/cmake)
[4.327s] -- Added test 'flake8' to check Python code syntax and style conventions
[4.328s] -- Configured 'flake8' exclude dirs and/or files: 
[4.331s] -- Added test 'lint_cmake' to check CMake code style
[4.334s] -- Added test 'pep257' to check Python code against some of the docstring style conventions in PEP 257
[4.339s] -- Added test 'xmllint' to check XML markup files
[4.347s] -- Configuring done (4.0s)
[4.369s] -- Generating done (0.0s)
[4.378s] -- Build files have been written to: /home/bsi_scholarship/SEKURO_TUGAS_1_MochammadNuhaAlGhifari_PROGRAMMING/src/ros_soal_1/ros2_ws/ros2_ws/build/package_sederhana
[4.389s] Invoked command in '/home/bsi_scholarship/SEKURO_TUGAS_1_MochammadNuhaAlGhifari_PROGRAMMING/src/ros_soal_1/ros2_ws/ros2_ws/build/package_sederhana' returned '0': CMAKE_PREFIX_PATH=${CMAKE_PREFIX_PATH}:/opt/ros/jazzy /usr/bin/cmake /home/bsi_scholarship/SEKURO_TUGAS_1_MochammadNuhaAlGhifari_PROGRAMMING/src/ros_soal_1/ros2_ws/ros2_ws/src/package_sederhana -DCMAKE_INSTALL_PREFIX=/home/bsi_scholarship/SEKURO_TUGAS_1_MochammadNuhaAlGhifari_PROGRAMMING/src/ros_soal_1/ros2_ws/ros2_ws/install/package_sederhana
[4.392s] Invoking command in '/home/bsi_scholarship/SEKURO_TUGAS_1_MochammadNuhaAlGhifari_PROGRAMMING/src/ros_soal_1/ros2_ws/ros2_ws/build/package_sederhana': CMAKE_PREFIX_PATH=${CMAKE_PREFIX_PATH}:/opt/ros/jazzy /usr/bin/cmake --build /home/bsi_scholarship/SEKURO_TUGAS_1_MochammadNuhaAlGhifari_PROGRAMMING/src/ros_soal_1/ros2_ws/ros2_ws/build/package_sederhana -- -j12 -l12
[4.478s] Invoked command in '/home/bsi_scholarship/SEKURO_TUGAS_1_MochammadNuhaAlGhifari_PROGRAMMING/src/ros_soal_1/ros2_ws/ros2_ws/build/package_sederhana' returned '0': CMAKE_PREFIX_PATH=${CMAKE_PREFIX_PATH}:/opt/ros/jazzy /usr/bin/cmake --build /home/bsi_scholarship/SEKURO_TUGAS_1_MochammadNuhaAlGhifari_PROGRAMMING/src/ros_soal_1/ros2_ws/ros2_ws/build/package_sederhana -- -j12 -l12
[4.499s] Invoking command in '/home/bsi_scholarship/SEKURO_TUGAS_1_MochammadNuhaAlGhifari_PROGRAMMING/src/ros_soal_1/ros2_ws/ros2_ws/build/package_sederhana': CMAKE_PREFIX_PATH=${CMAKE_PREFIX_PATH}:/opt/ros/jazzy /usr/bin/cmake --install /home/bsi_scholarship/SEKURO_TUGAS_1_MochammadNuhaAlGhifari_PROGRAMMING/src/ros_soal_1/ros2_ws/ros2_ws/build/package_sederhana
[4.514s] -- Install configuration: ""
[4.517s] -- Installing: /home/bsi_scholarship/SEKURO_TUGAS_1_MochammadNuhaAlGhifari_PROGRAMMING/src/ros_soal_1/ros2_ws/ros2_ws/install/package_sederhana/lib/package_sederhana/talker.py
[4.518s] -- Installing: /home/bsi_scholarship/SEKURO_TUGAS_1_MochammadNuhaAlGhifari_PROGRAMMING/src/ros_soal_1/ros2_ws/ros2_ws/install/package_sederhana/lib/package_sederhana/listener.py
[4.521s] -- Installing: /home/bsi_scholarship/SEKURO_TUGAS_1_MochammadNuhaAlGhifari_PROGRAMMING/src/ros_soal_1/ros2_ws/ros2_ws/install/package_sederhana/share/ament_index/resource_index/package_run_dependencies/package_sederhana
[4.522s] -- Installing: /home/bsi_scholarship/SEKURO_TUGAS_1_MochammadNuhaAlGhifari_PROGRAMMING/src/ros_soal_1/ros2_ws/ros2_ws/install/package_sederhana/share/ament_index/resource_index/parent_prefix_path/package_sederhana
[4.524s] -- Installing: /home/bsi_scholarship/SEKURO_TUGAS_1_MochammadNuhaAlGhifari_PROGRAMMING/src/ros_soal_1/ros2_ws/ros2_ws/install/package_sederhana/share/package_sederhana/environment/ament_prefix_path.sh
[4.525s] -- Installing: /home/bsi_scholarship/SEKURO_TUGAS_1_MochammadNuhaAlGhifari_PROGRAMMING/src/ros_soal_1/ros2_ws/ros2_ws/install/package_sederhana/share/package_sederhana/environment/ament_prefix_path.dsv
[4.525s] -- Installing: /home/bsi_scholarship/SEKURO_TUGAS_1_MochammadNuhaAlGhifari_PROGRAMMING/src/ros_soal_1/ros2_ws/ros2_ws/install/package_sederhana/share/package_sederhana/environment/path.sh
[4.525s] -- Installing: /home/bsi_scholarship/SEKURO_TUGAS_1_MochammadNuhaAlGhifari_PROGRAMMING/src/ros_soal_1/ros2_ws/ros2_ws/install/package_sederhana/share/package_sederhana/environment/path.dsv
[4.526s] -- Installing: /home/bsi_scholarship/SEKURO_TUGAS_1_MochammadNuhaAlGhifari_PROGRAMMING/src/ros_soal_1/ros2_ws/ros2_ws/install/package_sederhana/share/package_sederhana/local_setup.bash
[4.526s] -- Installing: /home/bsi_scholarship/SEKURO_TUGAS_1_MochammadNuhaAlGhifari_PROGRAMMING/src/ros_soal_1/ros2_ws/ros2_ws/install/package_sederhana/share/package_sederhana/local_setup.sh
[4.527s] -- Installing: /home/bsi_scholarship/SEKURO_TUGAS_1_MochammadNuhaAlGhifari_PROGRAMMING/src/ros_soal_1/ros2_ws/ros2_ws/install/package_sederhana/share/package_sederhana/local_setup.zsh
[4.528s] -- Installing: /home/bsi_scholarship/SEKURO_TUGAS_1_MochammadNuhaAlGhifari_PROGRAMMING/src/ros_soal_1/ros2_ws/ros2_ws/install/package_sederhana/share/package_sederhana/local_setup.dsv
[4.528s] -- Installing: /home/bsi_scholarship/SEKURO_TUGAS_1_MochammadNuhaAlGhifari_PROGRAMMING/src/ros_soal_1/ros2_ws/ros2_ws/install/package_sederhana/share/package_sederhana/package.dsv
[4.531s] -- Installing: /home/bsi_scholarship/SEKURO_TUGAS_1_MochammadNuhaAlGhifari_PROGRAMMING/src/ros_soal_1/ros2_ws/ros2_ws/install/package_sederhana/share/ament_index/resource_index/packages/package_sederhana
[4.532s] -- Installing: /home/bsi_scholarship/SEKURO_TUGAS_1_MochammadNuhaAlGhifari_PROGRAMMING/src/ros_soal_1/ros2_ws/ros2_ws/install/package_sederhana/share/package_sederhana/cmake/package_sederhanaConfig.cmake
[4.533s] -- Installing: /home/bsi_scholarship/SEKURO_TUGAS_1_MochammadNuhaAlGhifari_PROGRAMMING/src/ros_soal_1/ros2_ws/ros2_ws/install/package_sederhana/share/package_sederhana/cmake/package_sederhanaConfig-version.cmake
[4.533s] -- Installing: /home/bsi_scholarship/SEKURO_TUGAS_1_MochammadNuhaAlGhifari_PROGRAMMING/src/ros_soal_1/ros2_ws/ros2_ws/install/package_sederhana/share/package_sederhana/package.xml
[4.539s] Invoked command in '/home/bsi_scholarship/SEKURO_TUGAS_1_MochammadNuhaAlGhifari_PROGRAMMING/src/ros_soal_1/ros2_ws/ros2_ws/build/package_sederhana' returned '0': CMAKE_PREFIX_PATH=${CMAKE_PREFIX_PATH}:/opt/ros/jazzy /usr/bin/cmake --install /home/bsi_scholarship/SEKURO_TUGAS_1_MochammadNuhaAlGhifari_PROGRAMMING/src/ros_soal_1/ros2_ws/ros2_ws/build/package_sederhana
