[0.036s] Invoking command in '/home/bsi_scholarship/SEKURO_TUGAS_1_MochammadNuhaAlGhifari_PROGRAMMING/src/ros_soal_1/ros2_ws/ros2_ws/build/package_sederhana': CMAKE_PREFIX_PATH=${CMAKE_PREFIX_PATH}:/opt/ros/jazzy /usr/bin/cmake --build /home/bsi_scholarship/SEKURO_TUGAS_1_MochammadNuhaAlGhifari_PROGRAMMING/src/ros_soal_1/ros2_ws/ros2_ws/build/package_sederhana -- -j12 -l12
[0.276s] Invoked command in '/home/bsi_scholarship/SEKURO_TUGAS_1_MochammadNuhaAlGhifari_PROGRAMMING/src/ros_soal_1/ros2_ws/ros2_ws/build/package_sederhana' returned '0': CMAKE_PREFIX_PATH=${CMAKE_PREFIX_PATH}:/opt/ros/jazzy /usr/bin/cmake --build /home/bsi_scholarship/SEKURO_TUGAS_1_MochammadNuhaAlGhifari_PROGRAMMING/src/ros_soal_1/ros2_ws/ros2_ws/build/package_sederhana -- -j12 -l12
[0.303s] Invoking command in '/home/bsi_scholarship/SEKURO_TUGAS_1_MochammadNuhaAlGhifari_PROGRAMMING/src/ros_soal_1/ros2_ws/ros2_ws/build/package_sederhana': CMAKE_PREFIX_PATH=${CMAKE_PREFIX_PATH}:/opt/ros/jazzy /usr/bin/cmake --install /home/bsi_scholarship/SEKURO_TUGAS_1_MochammadNuhaAlGhifari_PROGRAMMING/src/ros_soal_1/ros2_ws/ros2_ws/build/package_sederhana
[0.325s] -- Install configuration: ""
[0.326s] -- Up-to-date: /home/bsi_scholarship/SEKURO_TUGAS_1_MochammadNuhaAlGhifari_PROGRAMMING/src/ros_soal_1/ros2_ws/ros2_ws/install/package_sederhana/lib/package_sederhana/talker.py
[0.327s] -- Up-to-date: /home/bsi_scholarship/SEKURO_TUGAS_1_MochammadNuhaAlGhifari_PROGRAMMING/src/ros_soal_1/ros2_ws/ros2_ws/install/package_sederhana/lib/package_sederhana/listener.py
[0.328s] -- Up-to-date: /home/bsi_scholarship/SEKURO_TUGAS_1_MochammadNuhaAlGhifari_PROGRAMMING/src/ros_soal_1/ros2_ws/ros2_ws/install/package_sederhana/share/ament_index/resource_index/package_run_dependencies/package_sederhana
[0.328s] -- Up-to-date: /home/bsi_scholarship/SEKURO_TUGAS_1_MochammadNuhaAlGhifari_PROGRAMMING/src/ros_soal_1/ros2_ws/ros2_ws/install/package_sederhana/share/ament_index/resource_index/parent_prefix_path/package_sederhana
[0.329s] -- Up-to-date: /home/bsi_scholarship/SEKURO_TUGAS_1_MochammadNuhaAlGhifari_PROGRAMMING/src/ros_soal_1/ros2_ws/ros2_ws/install/package_sederhana/share/package_sederhana/environment/ament_prefix_path.sh
[0.329s] -- Up-to-date: /home/bsi_scholarship/SEKURO_TUGAS_1_MochammadNuhaAlGhifari_PROGRAMMING/src/ros_soal_1/ros2_ws/ros2_ws/install/package_sederhana/share/package_sederhana/environment/ament_prefix_path.dsv
[0.330s] -- Up-to-date: /home/bsi_scholarship/SEKURO_TUGAS_1_MochammadNuhaAlGhifari_PROGRAMMING/src/ros_soal_1/ros2_ws/ros2_ws/install/package_sederhana/share/package_sederhana/environment/path.sh
[0.330s] -- Up-to-date: /home/bsi_scholarship/SEKURO_TUGAS_1_MochammadNuhaAlGhifari_PROGRAMMING/src/ros_soal_1/ros2_ws/ros2_ws/install/package_sederhana/share/package_sederhana/environment/path.dsv
[0.330s] -- Up-to-date: /home/bsi_scholarship/SEKURO_TUGAS_1_MochammadNuhaAlGhifari_PROGRAMMING/src/ros_soal_1/ros2_ws/ros2_ws/install/package_sederhana/share/package_sederhana/local_setup.bash
[0.330s] -- Up-to-date: /home/bsi_scholarship/SEKURO_TUGAS_1_MochammadNuhaAlGhifari_PROGRAMMING/src/ros_soal_1/ros2_ws/ros2_ws/install/package_sederhana/share/package_sederhana/local_setup.sh
[0.330s] -- Up-to-date: /home/bsi_scholarship/SEKURO_TUGAS_1_MochammadNuhaAlGhifari_PROGRAMMING/src/ros_soal_1/ros2_ws/ros2_ws/install/package_sederhana/share/package_sederhana/local_setup.zsh
[0.330s] -- Up-to-date: /home/bsi_scholarship/SEKURO_TUGAS_1_MochammadNuhaAlGhifari_PROGRAMMING/src/ros_soal_1/ros2_ws/ros2_ws/install/package_sederhana/share/package_sederhana/local_setup.dsv
[0.330s] -- Up-to-date: /home/bsi_scholarship/SEKURO_TUGAS_1_MochammadNuhaAlGhifari_PROGRAMMING/src/ros_soal_1/ros2_ws/ros2_ws/install/package_sederhana/share/package_sederhana/package.dsv
[0.330s] -- Up-to-date: /home/bsi_scholarship/SEKURO_TUGAS_1_MochammadNuhaAlGhifari_PROGRAMMING/src/ros_soal_1/ros2_ws/ros2_ws/install/package_sederhana/share/ament_index/resource_index/packages/package_sederhana
[0.330s] -- Up-to-date: /home/bsi_scholarship/SEKURO_TUGAS_1_MochammadNuhaAlGhifari_PROGRAMMING/src/ros_soal_1/ros2_ws/ros2_ws/install/package_sederhana/share/package_sederhana/cmake/package_sederhanaConfig.cmake
[0.331s] -- Up-to-date: /home/bsi_scholarship/SEKURO_TUGAS_1_MochammadNuhaAlGhifari_PROGRAMMING/src/ros_soal_1/ros2_ws/ros2_ws/install/package_sederhana/share/package_sederhana/cmake/package_sederhanaConfig-version.cmake
[0.331s] -- Up-to-date: /home/bsi_scholarship/SEKURO_TUGAS_1_MochammadNuhaAlGhifari_PROGRAMMING/src/ros_soal_1/ros2_ws/ros2_ws/install/package_sederhana/share/package_sederhana/package.xml
[0.336s] Invoked command in '/home/bsi_scholarship/SEKURO_TUGAS_1_MochammadNuhaAlGhifari_PROGRAMMING/src/ros_soal_1/ros2_ws/ros2_ws/build/package_sederhana' returned '0': CMAKE_PREFIX_PATH=${CMAKE_PREFIX_PATH}:/opt/ros/jazzy /usr/bin/cmake --install /home/bsi_scholarship/SEKURO_TUGAS_1_MochammadNuhaAlGhifari_PROGRAMMING/src/ros_soal_1/ros2_ws/ros2_ws/build/package_sederhana
