[0.046s] Invoking command in '/home/bsi_scholarship/SEKURO_TUGAS_1_MochammadNuhaAlGhifari_PROGRAMMING/src/ros_soal_1/ros2_ws/ros2_ws/build/package_sederhana': CMAKE_PREFIX_PATH=${CMAKE_PREFIX_PATH}:/opt/ros/jazzy /usr/bin/cmake --build /home/bsi_scholarship/SEKURO_TUGAS_1_MochammadNuhaAlGhifari_PROGRAMMING/src/ros_soal_1/ros2_ws/ros2_ws/build/package_sederhana -- -j12 -l12
[0.416s] Invoked command in '/home/bsi_scholarship/SEKURO_TUGAS_1_MochammadNuhaAlGhifari_PROGRAMMING/src/ros_soal_1/ros2_ws/ros2_ws/build/package_sederhana' returned '0': CMAKE_PREFIX_PATH=${CMAKE_PREFIX_PATH}:/opt/ros/jazzy /usr/bin/cmake --build /home/bsi_scholarship/SEKURO_TUGAS_1_MochammadNuhaAlGhifari_PROGRAMMING/src/ros_soal_1/ros2_ws/ros2_ws/build/package_sederhana -- -j12 -l12
[0.447s] Invoking command in '/home/bsi_scholarship/SEKURO_TUGAS_1_MochammadNuhaAlGhifari_PROGRAMMING/src/ros_soal_1/ros2_ws/ros2_ws/build/package_sederhana': CMAKE_PREFIX_PATH=${CMAKE_PREFIX_PATH}:/opt/ros/jazzy /usr/bin/cmake --install /home/bsi_scholarship/SEKURO_TUGAS_1_MochammadNuhaAlGhifari_PROGRAMMING/src/ros_soal_1/ros2_ws/ros2_ws/build/package_sederhana
[0.467s] -- Install configuration: ""
[0.468s] -- Installing: /home/bsi_scholarship/SEKURO_TUGAS_1_MochammadNuhaAlGhifari_PROGRAMMING/src/ros_soal_1/ros2_ws/ros2_ws/install/package_sederhana/lib/package_sederhana/talker.py
[0.471s] -- Installing: /home/bsi_scholarship/SEKURO_TUGAS_1_MochammadNuhaAlGhifari_PROGRAMMING/src/ros_soal_1/ros2_ws/ros2_ws/install/package_sederhana/lib/package_sederhana/listener.py
[0.472s] -- Up-to-date: /home/bsi_scholarship/SEKURO_TUGAS_1_MochammadNuhaAlGhifari_PROGRAMMING/src/ros_soal_1/ros2_ws/ros2_ws/install/package_sederhana/share/ament_index/resource_index/package_run_dependencies/package_sederhana
[0.472s] -- Up-to-date: /home/bsi_scholarship/SEKURO_TUGAS_1_MochammadNuhaAlGhifari_PROGRAMMING/src/ros_soal_1/ros2_ws/ros2_ws/install/package_sederhana/share/ament_index/resource_index/parent_prefix_path/package_sederhana
[0.473s] -- Up-to-date: /home/bsi_scholarship/SEKURO_TUGAS_1_MochammadNuhaAlGhifari_PROGRAMMING/src/ros_soal_1/ros2_ws/ros2_ws/install/package_sederhana/share/package_sederhana/environment/ament_prefix_path.sh
[0.473s] -- Up-to-date: /home/bsi_scholarship/SEKURO_TUGAS_1_MochammadNuhaAlGhifari_PROGRAMMING/src/ros_soal_1/ros2_ws/ros2_ws/install/package_sederhana/share/package_sederhana/environment/ament_prefix_path.dsv
[0.474s] -- Up-to-date: /home/bsi_scholarship/SEKURO_TUGAS_1_MochammadNuhaAlGhifari_PROGRAMMING/src/ros_soal_1/ros2_ws/ros2_ws/install/package_sederhana/share/package_sederhana/environment/path.sh
[0.474s] -- Up-to-date: /home/bsi_scholarship/SEKURO_TUGAS_1_MochammadNuhaAlGhifari_PROGRAMMING/src/ros_soal_1/ros2_ws/ros2_ws/install/package_sederhana/share/package_sederhana/environment/path.dsv
[0.474s] -- Up-to-date: /home/bsi_scholarship/SEKURO_TUGAS_1_MochammadNuhaAlGhifari_PROGRAMMING/src/ros_soal_1/ros2_ws/ros2_ws/install/package_sederhana/share/package_sederhana/local_setup.bash
[0.474s] -- Up-to-date: /home/bsi_scholarship/SEKURO_TUGAS_1_MochammadNuhaAlGhifari_PROGRAMMING/src/ros_soal_1/ros2_ws/ros2_ws/install/package_sederhana/share/package_sederhana/local_setup.sh
[0.475s] -- Up-to-date: /home/bsi_scholarship/SEKURO_TUGAS_1_MochammadNuhaAlGhifari_PROGRAMMING/src/ros_soal_1/ros2_ws/ros2_ws/install/package_sederhana/share/package_sederhana/local_setup.zsh
[0.475s] -- Up-to-date: /home/bsi_scholarship/SEKURO_TUGAS_1_MochammadNuhaAlGhifari_PROGRAMMING/src/ros_soal_1/ros2_ws/ros2_ws/install/package_sederhana/share/package_sederhana/local_setup.dsv
[0.475s] -- Installing: /home/bsi_scholarship/SEKURO_TUGAS_1_MochammadNuhaAlGhifari_PROGRAMMING/src/ros_soal_1/ros2_ws/ros2_ws/install/package_sederhana/share/package_sederhana/package.dsv
[0.476s] -- Up-to-date: /home/bsi_scholarship/SEKURO_TUGAS_1_MochammadNuhaAlGhifari_PROGRAMMING/src/ros_soal_1/ros2_ws/ros2_ws/install/package_sederhana/share/ament_index/resource_index/packages/package_sederhana
[0.477s] -- Up-to-date: /home/bsi_scholarship/SEKURO_TUGAS_1_MochammadNuhaAlGhifari_PROGRAMMING/src/ros_soal_1/ros2_ws/ros2_ws/install/package_sederhana/share/package_sederhana/cmake/package_sederhanaConfig.cmake
[0.477s] -- Up-to-date: /home/bsi_scholarship/SEKURO_TUGAS_1_MochammadNuhaAlGhifari_PROGRAMMING/src/ros_soal_1/ros2_ws/ros2_ws/install/package_sederhana/share/package_sederhana/cmake/package_sederhanaConfig-version.cmake
[0.478s] -- Up-to-date: /home/bsi_scholarship/SEKURO_TUGAS_1_MochammadNuhaAlGhifari_PROGRAMMING/src/ros_soal_1/ros2_ws/ros2_ws/install/package_sederhana/share/package_sederhana/package.xml
[0.485s] Invoked command in '/home/bsi_scholarship/SEKURO_TUGAS_1_MochammadNuhaAlGhifari_PROGRAMMING/src/ros_soal_1/ros2_ws/ros2_ws/build/package_sederhana' returned '0': CMAKE_PREFIX_PATH=${CMAKE_PREFIX_PATH}:/opt/ros/jazzy /usr/bin/cmake --install /home/bsi_scholarship/SEKURO_TUGAS_1_MochammadNuhaAlGhifari_PROGRAMMING/src/ros_soal_1/ros2_ws/ros2_ws/build/package_sederhana
