[0.588s] DEBUG:colcon:Command line arguments: ['/usr/bin/colcon', 'build']
[0.589s] DEBUG:colcon:Parsed command line arguments: Namespace(log_base=None, log_level=None, verb_name='build', build_base='build', install_base='install', merge_install=False, symlink_install=False, test_result_base=None, continue_on_error=False, executor='parallel', parallel_workers=12, event_handlers=None, ignore_user_meta=False, metas=['./colcon.meta'], base_paths=['.'], packages_ignore=None, packages_ignore_regex=None, paths=None, packages_up_to=None, packages_up_to_regex=None, packages_above=None, packages_above_and_dependencies=None, packages_above_depth=None, packages_select_by_dep=None, packages_skip_by_dep=None, packages_skip_up_to=None, packages_select_build_failed=False, packages_skip_build_finished=False, packages_select_test_failures=False, packages_skip_test_passed=False, packages_select=None, packages_skip=None, packages_select_regex=None, packages_skip_regex=None, packages_start=None, packages_end=None, allow_overriding=[], cmake_args=None, cmake_target=None, cmake_target_skip_unavailable=False, cmake_clean_cache=False, cmake_clean_first=False, cmake_force_configure=False, ament_cmake_args=None, catkin_cmake_args=None, catkin_skip_building_tests=False, verb_parser=<colcon_defaults.argument_parser.defaults.DefaultArgumentsDecorator object at 0x73c4fb44d280>, verb_extension=<colcon_core.verb.build.BuildVerb object at 0x73c4fb5cbcb0>, main=<bound method BuildVerb.main of <colcon_core.verb.build.BuildVerb object at 0x73c4fb5cbcb0>>)
[0.810s] Level 1:colcon.colcon_core.package_discovery:discover_packages(colcon_meta) check parameters
[0.810s] Level 1:colcon.colcon_core.package_discovery:discover_packages(recursive) check parameters
[0.810s] Level 1:colcon.colcon_core.package_discovery:discover_packages(ignore) check parameters
[0.810s] Level 1:colcon.colcon_core.package_discovery:discover_packages(path) check parameters
[0.810s] Level 1:colcon.colcon_core.package_discovery:discover_packages(colcon_meta) discover
[0.811s] Level 1:colcon.colcon_core.package_discovery:discover_packages(recursive) discover
[0.811s] INFO:colcon.colcon_core.package_discovery:Crawling recursively for packages in '/home/bsi_scholarship/SEKURO_TUGAS_1_MochammadNuhaAlGhifari_PROGRAMMING/src/ros_soal_1/ros2_ws/ros2_ws'
[0.811s] Level 1:colcon.colcon_core.package_identification:_identify(.) by extensions ['ignore', 'ignore_ament_install']
[0.811s] Level 1:colcon.colcon_core.package_identification:_identify(.) by extension 'ignore'
[0.811s] Level 1:colcon.colcon_core.package_identification:_identify(.) by extension 'ignore_ament_install'
[0.811s] Level 1:colcon.colcon_core.package_identification:_identify(.) by extensions ['colcon_pkg']
[0.811s] Level 1:colcon.colcon_core.package_identification:_identify(.) by extension 'colcon_pkg'
[0.811s] Level 1:colcon.colcon_core.package_identification:_identify(.) by extensions ['colcon_meta']
[0.811s] Level 1:colcon.colcon_core.package_identification:_identify(.) by extension 'colcon_meta'
[0.811s] Level 1:colcon.colcon_core.package_identification:_identify(.) by extensions ['ros']
[0.811s] Level 1:colcon.colcon_core.package_identification:_identify(.) by extension 'ros'
[0.903s] Level 1:colcon.colcon_core.package_identification:_identify(.) by extensions ['cmake', 'python']
[0.904s] Level 1:colcon.colcon_core.package_identification:_identify(.) by extension 'cmake'
[0.904s] Level 1:colcon.colcon_core.package_identification:_identify(.) by extension 'python'
[0.905s] Level 1:colcon.colcon_core.package_identification:_identify(.) by extensions ['python_setup_py']
[0.905s] Level 1:colcon.colcon_core.package_identification:_identify(.) by extension 'python_setup_py'
[0.907s] Level 1:colcon.colcon_core.package_identification:_identify(build) by extensions ['ignore', 'ignore_ament_install']
[0.907s] Level 1:colcon.colcon_core.package_identification:_identify(build) by extension 'ignore'
[0.907s] Level 1:colcon.colcon_core.package_identification:_identify(build) ignored
[0.908s] Level 1:colcon.colcon_core.package_identification:_identify(install) by extensions ['ignore', 'ignore_ament_install']
[0.908s] Level 1:colcon.colcon_core.package_identification:_identify(install) by extension 'ignore'
[0.909s] Level 1:colcon.colcon_core.package_identification:_identify(install) ignored
[0.909s] Level 1:colcon.colcon_core.package_identification:_identify(log) by extensions ['ignore', 'ignore_ament_install']
[0.909s] Level 1:colcon.colcon_core.package_identification:_identify(log) by extension 'ignore'
[0.909s] Level 1:colcon.colcon_core.package_identification:_identify(log) ignored
[0.909s] Level 1:colcon.colcon_core.package_identification:_identify(src) by extensions ['ignore', 'ignore_ament_install']
[0.909s] Level 1:colcon.colcon_core.package_identification:_identify(src) by extension 'ignore'
[0.910s] Level 1:colcon.colcon_core.package_identification:_identify(src) by extension 'ignore_ament_install'
[0.910s] Level 1:colcon.colcon_core.package_identification:_identify(src) by extensions ['colcon_pkg']
[0.910s] Level 1:colcon.colcon_core.package_identification:_identify(src) by extension 'colcon_pkg'
[0.910s] Level 1:colcon.colcon_core.package_identification:_identify(src) by extensions ['colcon_meta']
[0.910s] Level 1:colcon.colcon_core.package_identification:_identify(src) by extension 'colcon_meta'
[0.910s] Level 1:colcon.colcon_core.package_identification:_identify(src) by extensions ['ros']
[0.910s] Level 1:colcon.colcon_core.package_identification:_identify(src) by extension 'ros'
[0.910s] Level 1:colcon.colcon_core.package_identification:_identify(src) by extensions ['cmake', 'python']
[0.910s] Level 1:colcon.colcon_core.package_identification:_identify(src) by extension 'cmake'
[0.910s] Level 1:colcon.colcon_core.package_identification:_identify(src) by extension 'python'
[0.910s] Level 1:colcon.colcon_core.package_identification:_identify(src) by extensions ['python_setup_py']
[0.910s] Level 1:colcon.colcon_core.package_identification:_identify(src) by extension 'python_setup_py'
[0.911s] Level 1:colcon.colcon_core.package_identification:_identify(src/package_sederhana) by extensions ['ignore', 'ignore_ament_install']
[0.911s] Level 1:colcon.colcon_core.package_identification:_identify(src/package_sederhana) by extension 'ignore'
[0.911s] Level 1:colcon.colcon_core.package_identification:_identify(src/package_sederhana) by extension 'ignore_ament_install'
[0.911s] Level 1:colcon.colcon_core.package_identification:_identify(src/package_sederhana) by extensions ['colcon_pkg']
[0.911s] Level 1:colcon.colcon_core.package_identification:_identify(src/package_sederhana) by extension 'colcon_pkg'
[0.911s] Level 1:colcon.colcon_core.package_identification:_identify(src/package_sederhana) by extensions ['colcon_meta']
[0.911s] Level 1:colcon.colcon_core.package_identification:_identify(src/package_sederhana) by extension 'colcon_meta'
[0.911s] Level 1:colcon.colcon_core.package_identification:_identify(src/package_sederhana) by extensions ['ros']
[0.911s] Level 1:colcon.colcon_core.package_identification:_identify(src/package_sederhana) by extension 'ros'
[0.926s] DEBUG:colcon.colcon_core.package_identification:Package 'src/package_sederhana' with type 'ros.ament_cmake' and name 'package_sederhana'
[0.927s] Level 1:colcon.colcon_core.package_discovery:discover_packages(recursive) using defaults
[0.927s] Level 1:colcon.colcon_core.package_discovery:discover_packages(ignore) discover
[0.927s] Level 1:colcon.colcon_core.package_discovery:discover_packages(ignore) using defaults
[0.927s] Level 1:colcon.colcon_core.package_discovery:discover_packages(path) discover
[0.927s] Level 1:colcon.colcon_core.package_discovery:discover_packages(path) using defaults
[1.063s] Level 1:colcon.colcon_core.package_discovery:discover_packages(prefix_path) check parameters
[1.064s] Level 1:colcon.colcon_core.package_discovery:discover_packages(prefix_path) discover
[1.073s] DEBUG:colcon.colcon_installed_package_information.package_discovery:Found 286 installed packages in /opt/ros/jazzy
[1.079s] Level 1:colcon.colcon_core.package_discovery:discover_packages(prefix_path) using defaults
[1.277s] Level 5:colcon.colcon_core.verb:set package 'package_sederhana' build argument 'cmake_args' from command line to 'None'
[1.278s] Level 5:colcon.colcon_core.verb:set package 'package_sederhana' build argument 'cmake_target' from command line to 'None'
[1.279s] Level 5:colcon.colcon_core.verb:set package 'package_sederhana' build argument 'cmake_target_skip_unavailable' from command line to 'False'
[1.279s] Level 5:colcon.colcon_core.verb:set package 'package_sederhana' build argument 'cmake_clean_cache' from command line to 'False'
[1.279s] Level 5:colcon.colcon_core.verb:set package 'package_sederhana' build argument 'cmake_clean_first' from command line to 'False'
[1.279s] Level 5:colcon.colcon_core.verb:set package 'package_sederhana' build argument 'cmake_force_configure' from command line to 'False'
[1.279s] Level 5:colcon.colcon_core.verb:set package 'package_sederhana' build argument 'ament_cmake_args' from command line to 'None'
[1.279s] Level 5:colcon.colcon_core.verb:set package 'package_sederhana' build argument 'catkin_cmake_args' from command line to 'None'
[1.279s] Level 5:colcon.colcon_core.verb:set package 'package_sederhana' build argument 'catkin_skip_building_tests' from command line to 'False'
[1.279s] DEBUG:colcon.colcon_core.verb:Building package 'package_sederhana' with the following arguments: {'ament_cmake_args': None, 'build_base': '/home/bsi_scholarship/SEKURO_TUGAS_1_MochammadNuhaAlGhifari_PROGRAMMING/src/ros_soal_1/ros2_ws/ros2_ws/build/package_sederhana', 'catkin_cmake_args': None, 'catkin_skip_building_tests': False, 'cmake_args': None, 'cmake_clean_cache': False, 'cmake_clean_first': False, 'cmake_force_configure': False, 'cmake_target': None, 'cmake_target_skip_unavailable': False, 'install_base': '/home/bsi_scholarship/SEKURO_TUGAS_1_MochammadNuhaAlGhifari_PROGRAMMING/src/ros_soal_1/ros2_ws/ros2_ws/install/package_sederhana', 'merge_install': False, 'path': '/home/bsi_scholarship/SEKURO_TUGAS_1_MochammadNuhaAlGhifari_PROGRAMMING/src/ros_soal_1/ros2_ws/ros2_ws/src/package_sederhana', 'symlink_install': False, 'test_result_base': None}
[1.279s] INFO:colcon.colcon_core.executor:Executing jobs using 'parallel' executor
[1.281s] DEBUG:colcon.colcon_parallel_executor.executor.parallel:run_until_complete
[1.281s] INFO:colcon.colcon_ros.task.ament_cmake.build:Building ROS package in '/home/bsi_scholarship/SEKURO_TUGAS_1_MochammadNuhaAlGhifari_PROGRAMMING/src/ros_soal_1/ros2_ws/ros2_ws/src/package_sederhana' with build type 'ament_cmake'
[1.282s] INFO:colcon.colcon_cmake.task.cmake.build:Building CMake package in '/home/bsi_scholarship/SEKURO_TUGAS_1_MochammadNuhaAlGhifari_PROGRAMMING/src/ros_soal_1/ros2_ws/ros2_ws/src/package_sederhana'
[1.291s] INFO:colcon.colcon_core.plugin_system:Skipping extension 'colcon_core.shell.bat': Not used on non-Windows systems
[1.292s] INFO:colcon.colcon_core.shell:Skip shell extension 'powershell' for command environment: Not usable outside of PowerShell
[1.292s] DEBUG:colcon.colcon_core.shell:Skip shell extension 'dsv' for command environment
[1.322s] DEBUG:colcon.colcon_core.event_handler.log_command:Invoking command in '/home/bsi_scholarship/SEKURO_TUGAS_1_MochammadNuhaAlGhifari_PROGRAMMING/src/ros_soal_1/ros2_ws/ros2_ws/build/package_sederhana': CMAKE_PREFIX_PATH=${CMAKE_PREFIX_PATH}:/opt/ros/jazzy /usr/bin/cmake /home/bsi_scholarship/SEKURO_TUGAS_1_MochammadNuhaAlGhifari_PROGRAMMING/src/ros_soal_1/ros2_ws/ros2_ws/src/package_sederhana -DCMAKE_INSTALL_PREFIX=/home/bsi_scholarship/SEKURO_TUGAS_1_MochammadNuhaAlGhifari_PROGRAMMING/src/ros_soal_1/ros2_ws/ros2_ws/install/package_sederhana
[7.363s] DEBUG:colcon.colcon_core.event_handler.log_command:Invoked command in '/home/bsi_scholarship/SEKURO_TUGAS_1_MochammadNuhaAlGhifari_PROGRAMMING/src/ros_soal_1/ros2_ws/ros2_ws/build/package_sederhana' returned '0': CMAKE_PREFIX_PATH=${CMAKE_PREFIX_PATH}:/opt/ros/jazzy /usr/bin/cmake /home/bsi_scholarship/SEKURO_TUGAS_1_MochammadNuhaAlGhifari_PROGRAMMING/src/ros_soal_1/ros2_ws/ros2_ws/src/package_sederhana -DCMAKE_INSTALL_PREFIX=/home/bsi_scholarship/SEKURO_TUGAS_1_MochammadNuhaAlGhifari_PROGRAMMING/src/ros_soal_1/ros2_ws/ros2_ws/install/package_sederhana
[7.365s] DEBUG:colcon.colcon_core.event_handler.log_command:Invoking command in '/home/bsi_scholarship/SEKURO_TUGAS_1_MochammadNuhaAlGhifari_PROGRAMMING/src/ros_soal_1/ros2_ws/ros2_ws/build/package_sederhana': CMAKE_PREFIX_PATH=${CMAKE_PREFIX_PATH}:/opt/ros/jazzy /usr/bin/cmake --build /home/bsi_scholarship/SEKURO_TUGAS_1_MochammadNuhaAlGhifari_PROGRAMMING/src/ros_soal_1/ros2_ws/ros2_ws/build/package_sederhana -- -j12 -l12
[7.452s] DEBUG:colcon.colcon_core.event_handler.log_command:Invoked command in '/home/bsi_scholarship/SEKURO_TUGAS_1_MochammadNuhaAlGhifari_PROGRAMMING/src/ros_soal_1/ros2_ws/ros2_ws/build/package_sederhana' returned '0': CMAKE_PREFIX_PATH=${CMAKE_PREFIX_PATH}:/opt/ros/jazzy /usr/bin/cmake --build /home/bsi_scholarship/SEKURO_TUGAS_1_MochammadNuhaAlGhifari_PROGRAMMING/src/ros_soal_1/ros2_ws/ros2_ws/build/package_sederhana -- -j12 -l12
[7.473s] DEBUG:colcon.colcon_core.event_handler.log_command:Invoking command in '/home/bsi_scholarship/SEKURO_TUGAS_1_MochammadNuhaAlGhifari_PROGRAMMING/src/ros_soal_1/ros2_ws/ros2_ws/build/package_sederhana': CMAKE_PREFIX_PATH=${CMAKE_PREFIX_PATH}:/opt/ros/jazzy /usr/bin/cmake --install /home/bsi_scholarship/SEKURO_TUGAS_1_MochammadNuhaAlGhifari_PROGRAMMING/src/ros_soal_1/ros2_ws/ros2_ws/build/package_sederhana
[7.512s] Level 1:colcon.colcon_core.environment:create_environment_scripts_only(package_sederhana)
[7.513s] DEBUG:colcon.colcon_core.event_handler.log_command:Invoked command in '/home/bsi_scholarship/SEKURO_TUGAS_1_MochammadNuhaAlGhifari_PROGRAMMING/src/ros_soal_1/ros2_ws/ros2_ws/build/package_sederhana' returned '0': CMAKE_PREFIX_PATH=${CMAKE_PREFIX_PATH}:/opt/ros/jazzy /usr/bin/cmake --install /home/bsi_scholarship/SEKURO_TUGAS_1_MochammadNuhaAlGhifari_PROGRAMMING/src/ros_soal_1/ros2_ws/ros2_ws/build/package_sederhana
[7.526s] Level 1:colcon.colcon_core.environment:checking '/home/bsi_scholarship/SEKURO_TUGAS_1_MochammadNuhaAlGhifari_PROGRAMMING/src/ros_soal_1/ros2_ws/ros2_ws/install/package_sederhana' for CMake module files
[7.528s] Level 1:colcon.colcon_core.environment:checking '/home/bsi_scholarship/SEKURO_TUGAS_1_MochammadNuhaAlGhifari_PROGRAMMING/src/ros_soal_1/ros2_ws/ros2_ws/install/package_sederhana' for CMake config files
[7.528s] Level 1:colcon.colcon_core.shell:create_environment_hook('package_sederhana', 'cmake_prefix_path')
[7.529s] INFO:colcon.colcon_core.shell:Creating environment hook '/home/bsi_scholarship/SEKURO_TUGAS_1_MochammadNuhaAlGhifari_PROGRAMMING/src/ros_soal_1/ros2_ws/ros2_ws/install/package_sederhana/share/package_sederhana/hook/cmake_prefix_path.ps1'
[7.531s] INFO:colcon.colcon_core.shell:Creating environment descriptor '/home/bsi_scholarship/SEKURO_TUGAS_1_MochammadNuhaAlGhifari_PROGRAMMING/src/ros_soal_1/ros2_ws/ros2_ws/install/package_sederhana/share/package_sederhana/hook/cmake_prefix_path.dsv'
[7.531s] INFO:colcon.colcon_core.shell:Creating environment hook '/home/bsi_scholarship/SEKURO_TUGAS_1_MochammadNuhaAlGhifari_PROGRAMMING/src/ros_soal_1/ros2_ws/ros2_ws/install/package_sederhana/share/package_sederhana/hook/cmake_prefix_path.sh'
[7.533s] Level 1:colcon.colcon_core.environment:checking '/home/bsi_scholarship/SEKURO_TUGAS_1_MochammadNuhaAlGhifari_PROGRAMMING/src/ros_soal_1/ros2_ws/ros2_ws/install/package_sederhana/lib'
[7.533s] Level 1:colcon.colcon_core.environment:checking '/home/bsi_scholarship/SEKURO_TUGAS_1_MochammadNuhaAlGhifari_PROGRAMMING/src/ros_soal_1/ros2_ws/ros2_ws/install/package_sederhana/bin'
[7.533s] Level 1:colcon.colcon_core.environment:checking '/home/bsi_scholarship/SEKURO_TUGAS_1_MochammadNuhaAlGhifari_PROGRAMMING/src/ros_soal_1/ros2_ws/ros2_ws/install/package_sederhana/lib/pkgconfig/package_sederhana.pc'
[7.534s] Level 1:colcon.colcon_core.environment:checking '/home/bsi_scholarship/SEKURO_TUGAS_1_MochammadNuhaAlGhifari_PROGRAMMING/src/ros_soal_1/ros2_ws/ros2_ws/install/package_sederhana/lib/python3.12/site-packages'
[7.534s] Level 1:colcon.colcon_core.environment:checking '/home/bsi_scholarship/SEKURO_TUGAS_1_MochammadNuhaAlGhifari_PROGRAMMING/src/ros_soal_1/ros2_ws/ros2_ws/install/package_sederhana/bin'
[7.535s] INFO:colcon.colcon_core.shell:Creating package script '/home/bsi_scholarship/SEKURO_TUGAS_1_MochammadNuhaAlGhifari_PROGRAMMING/src/ros_soal_1/ros2_ws/ros2_ws/install/package_sederhana/share/package_sederhana/package.ps1'
[7.537s] INFO:colcon.colcon_core.shell:Creating package descriptor '/home/bsi_scholarship/SEKURO_TUGAS_1_MochammadNuhaAlGhifari_PROGRAMMING/src/ros_soal_1/ros2_ws/ros2_ws/install/package_sederhana/share/package_sederhana/package.dsv'
[7.539s] INFO:colcon.colcon_core.shell:Creating package script '/home/bsi_scholarship/SEKURO_TUGAS_1_MochammadNuhaAlGhifari_PROGRAMMING/src/ros_soal_1/ros2_ws/ros2_ws/install/package_sederhana/share/package_sederhana/package.sh'
[7.542s] INFO:colcon.colcon_core.shell:Creating package script '/home/bsi_scholarship/SEKURO_TUGAS_1_MochammadNuhaAlGhifari_PROGRAMMING/src/ros_soal_1/ros2_ws/ros2_ws/install/package_sederhana/share/package_sederhana/package.bash'
[7.544s] INFO:colcon.colcon_core.shell:Creating package script '/home/bsi_scholarship/SEKURO_TUGAS_1_MochammadNuhaAlGhifari_PROGRAMMING/src/ros_soal_1/ros2_ws/ros2_ws/install/package_sederhana/share/package_sederhana/package.zsh'
[7.545s] Level 1:colcon.colcon_core.environment:create_file_with_runtime_dependencies(/home/bsi_scholarship/SEKURO_TUGAS_1_MochammadNuhaAlGhifari_PROGRAMMING/src/ros_soal_1/ros2_ws/ros2_ws/install/package_sederhana/share/colcon-core/packages/package_sederhana)
[7.548s] Level 1:colcon.colcon_core.environment:create_environment_scripts_only(package_sederhana)
[7.548s] Level 1:colcon.colcon_core.environment:checking '/home/bsi_scholarship/SEKURO_TUGAS_1_MochammadNuhaAlGhifari_PROGRAMMING/src/ros_soal_1/ros2_ws/ros2_ws/install/package_sederhana' for CMake module files
[7.549s] Level 1:colcon.colcon_core.environment:checking '/home/bsi_scholarship/SEKURO_TUGAS_1_MochammadNuhaAlGhifari_PROGRAMMING/src/ros_soal_1/ros2_ws/ros2_ws/install/package_sederhana' for CMake config files
[7.549s] Level 1:colcon.colcon_core.shell:create_environment_hook('package_sederhana', 'cmake_prefix_path')
[7.549s] INFO:colcon.colcon_core.shell:Creating environment hook '/home/bsi_scholarship/SEKURO_TUGAS_1_MochammadNuhaAlGhifari_PROGRAMMING/src/ros_soal_1/ros2_ws/ros2_ws/install/package_sederhana/share/package_sederhana/hook/cmake_prefix_path.ps1'
[7.550s] INFO:colcon.colcon_core.shell:Creating environment descriptor '/home/bsi_scholarship/SEKURO_TUGAS_1_MochammadNuhaAlGhifari_PROGRAMMING/src/ros_soal_1/ros2_ws/ros2_ws/install/package_sederhana/share/package_sederhana/hook/cmake_prefix_path.dsv'
[7.550s] INFO:colcon.colcon_core.shell:Creating environment hook '/home/bsi_scholarship/SEKURO_TUGAS_1_MochammadNuhaAlGhifari_PROGRAMMING/src/ros_soal_1/ros2_ws/ros2_ws/install/package_sederhana/share/package_sederhana/hook/cmake_prefix_path.sh'
[7.551s] Level 1:colcon.colcon_core.environment:checking '/home/bsi_scholarship/SEKURO_TUGAS_1_MochammadNuhaAlGhifari_PROGRAMMING/src/ros_soal_1/ros2_ws/ros2_ws/install/package_sederhana/lib'
[7.551s] Level 1:colcon.colcon_core.environment:checking '/home/bsi_scholarship/SEKURO_TUGAS_1_MochammadNuhaAlGhifari_PROGRAMMING/src/ros_soal_1/ros2_ws/ros2_ws/install/package_sederhana/bin'
[7.551s] Level 1:colcon.colcon_core.environment:checking '/home/bsi_scholarship/SEKURO_TUGAS_1_MochammadNuhaAlGhifari_PROGRAMMING/src/ros_soal_1/ros2_ws/ros2_ws/install/package_sederhana/lib/pkgconfig/package_sederhana.pc'
[7.551s] Level 1:colcon.colcon_core.environment:checking '/home/bsi_scholarship/SEKURO_TUGAS_1_MochammadNuhaAlGhifari_PROGRAMMING/src/ros_soal_1/ros2_ws/ros2_ws/install/package_sederhana/lib/python3.12/site-packages'
[7.552s] Level 1:colcon.colcon_core.environment:checking '/home/bsi_scholarship/SEKURO_TUGAS_1_MochammadNuhaAlGhifari_PROGRAMMING/src/ros_soal_1/ros2_ws/ros2_ws/install/package_sederhana/bin'
[7.552s] INFO:colcon.colcon_core.shell:Creating package script '/home/bsi_scholarship/SEKURO_TUGAS_1_MochammadNuhaAlGhifari_PROGRAMMING/src/ros_soal_1/ros2_ws/ros2_ws/install/package_sederhana/share/package_sederhana/package.ps1'
[7.553s] INFO:colcon.colcon_core.shell:Creating package descriptor '/home/bsi_scholarship/SEKURO_TUGAS_1_MochammadNuhaAlGhifari_PROGRAMMING/src/ros_soal_1/ros2_ws/ros2_ws/install/package_sederhana/share/package_sederhana/package.dsv'
[7.553s] INFO:colcon.colcon_core.shell:Creating package script '/home/bsi_scholarship/SEKURO_TUGAS_1_MochammadNuhaAlGhifari_PROGRAMMING/src/ros_soal_1/ros2_ws/ros2_ws/install/package_sederhana/share/package_sederhana/package.sh'
[7.554s] INFO:colcon.colcon_core.shell:Creating package script '/home/bsi_scholarship/SEKURO_TUGAS_1_MochammadNuhaAlGhifari_PROGRAMMING/src/ros_soal_1/ros2_ws/ros2_ws/install/package_sederhana/share/package_sederhana/package.bash'
[7.554s] INFO:colcon.colcon_core.shell:Creating package script '/home/bsi_scholarship/SEKURO_TUGAS_1_MochammadNuhaAlGhifari_PROGRAMMING/src/ros_soal_1/ros2_ws/ros2_ws/install/package_sederhana/share/package_sederhana/package.zsh'
[7.555s] Level 1:colcon.colcon_core.environment:create_file_with_runtime_dependencies(/home/bsi_scholarship/SEKURO_TUGAS_1_MochammadNuhaAlGhifari_PROGRAMMING/src/ros_soal_1/ros2_ws/ros2_ws/install/package_sederhana/share/colcon-core/packages/package_sederhana)
[7.555s] DEBUG:colcon.colcon_parallel_executor.executor.parallel:closing loop
[7.556s] DEBUG:colcon.colcon_parallel_executor.executor.parallel:loop closed
[7.556s] DEBUG:colcon.colcon_parallel_executor.executor.parallel:run_until_complete finished with '0'
[7.556s] DEBUG:colcon.colcon_core.event_reactor:joining thread
[7.614s] INFO:colcon.colcon_core.plugin_system:Skipping extension 'colcon_notification.desktop_notification.notify_send': Could not find 'notify-send'
[7.614s] INFO:colcon.colcon_core.plugin_system:Skipping extension 'colcon_notification.desktop_notification.terminal_notifier': Not used on non-Darwin systems
[7.614s] INFO:colcon.colcon_core.plugin_system:Skipping extension 'colcon_notification.desktop_notification.win32': Not used on non-Windows systems
[7.614s] INFO:colcon.colcon_notification.desktop_notification:Sending desktop notification using 'notify2'
[7.626s] DEBUG:colcon.colcon_notification.desktop_notification.notify2:Failed to initialize notify2: org.freedesktop.DBus.Error.ServiceUnknown: The name org.freedesktop.Notifications was not provided by any .service files
[7.626s] DEBUG:colcon.colcon_core.event_reactor:joined thread
[7.626s] INFO:colcon.colcon_core.shell:Creating prefix script '/home/bsi_scholarship/SEKURO_TUGAS_1_MochammadNuhaAlGhifari_PROGRAMMING/src/ros_soal_1/ros2_ws/ros2_ws/install/local_setup.ps1'
[7.628s] INFO:colcon.colcon_core.shell:Creating prefix util module '/home/bsi_scholarship/SEKURO_TUGAS_1_MochammadNuhaAlGhifari_PROGRAMMING/src/ros_soal_1/ros2_ws/ros2_ws/install/_local_setup_util_ps1.py'
[7.630s] INFO:colcon.colcon_core.shell:Creating prefix chain script '/home/bsi_scholarship/SEKURO_TUGAS_1_MochammadNuhaAlGhifari_PROGRAMMING/src/ros_soal_1/ros2_ws/ros2_ws/install/setup.ps1'
[7.632s] INFO:colcon.colcon_core.shell:Creating prefix script '/home/bsi_scholarship/SEKURO_TUGAS_1_MochammadNuhaAlGhifari_PROGRAMMING/src/ros_soal_1/ros2_ws/ros2_ws/install/local_setup.sh'
[7.633s] INFO:colcon.colcon_core.shell:Creating prefix util module '/home/bsi_scholarship/SEKURO_TUGAS_1_MochammadNuhaAlGhifari_PROGRAMMING/src/ros_soal_1/ros2_ws/ros2_ws/install/_local_setup_util_sh.py'
[7.633s] INFO:colcon.colcon_core.shell:Creating prefix chain script '/home/bsi_scholarship/SEKURO_TUGAS_1_MochammadNuhaAlGhifari_PROGRAMMING/src/ros_soal_1/ros2_ws/ros2_ws/install/setup.sh'
[7.635s] INFO:colcon.colcon_core.shell:Creating prefix script '/home/bsi_scholarship/SEKURO_TUGAS_1_MochammadNuhaAlGhifari_PROGRAMMING/src/ros_soal_1/ros2_ws/ros2_ws/install/local_setup.bash'
[7.637s] INFO:colcon.colcon_core.shell:Creating prefix chain script '/home/bsi_scholarship/SEKURO_TUGAS_1_MochammadNuhaAlGhifari_PROGRAMMING/src/ros_soal_1/ros2_ws/ros2_ws/install/setup.bash'
[7.640s] INFO:colcon.colcon_core.shell:Creating prefix script '/home/bsi_scholarship/SEKURO_TUGAS_1_MochammadNuhaAlGhifari_PROGRAMMING/src/ros_soal_1/ros2_ws/ros2_ws/install/local_setup.zsh'
[7.641s] INFO:colcon.colcon_core.shell:Creating prefix chain script '/home/bsi_scholarship/SEKURO_TUGAS_1_MochammadNuhaAlGhifari_PROGRAMMING/src/ros_soal_1/ros2_ws/ros2_ws/install/setup.zsh'
